{"tool":"phpunit","result":"passed","tests":24,"passed":24,"assertions":70,"duration_ms":1683}
